\BOOKMARK [1][]{section.1}{\376\377\116\000\060\001\000\040\225\356\230\230\143\320\121\372}{}% 1
\BOOKMARK [2][]{subsection.1.1}{\376\377\0001\000.\0001\000\040\225\356\230\230\200\314\146\157}{section.1}% 2
\BOOKMARK [2][]{subsection.1.2}{\376\377\0001\000.\0002\000\040\225\356\230\230\221\315\217\360}{section.1}% 3
\BOOKMARK [2][]{subsection.1.3}{\376\377\0001\000.\0003\000\040\142\200\147\057\215\357\176\277}{section.1}% 4
\BOOKMARK [1][]{section.2}{\376\377\116\214\060\001\000\040\225\356\230\230\122\006\147\220}{}% 5
\BOOKMARK [1][]{section.3}{\376\377\116\011\060\001\000\040\152\041\127\213\120\107\213\276\060\001\173\046\123\367\116\016\145\160\143\156\230\204\131\004\164\006}{}% 6
\BOOKMARK [2][]{subsection.3.1}{\376\377\0003\000.\0001\000\040\152\041\127\213\120\107\213\276}{section.3}% 7
\BOOKMARK [2][]{subsection.3.2}{\376\377\0003\000.\0002\000\040\173\046\123\367\213\364\146\016}{section.3}% 8
\BOOKMARK [2][]{subsection.3.3}{\376\377\0003\000.\0003\000\040\145\160\143\156\230\204\131\004\164\006}{section.3}% 9
\BOOKMARK [1][]{section.4}{\376\377\126\333\060\001\000\040\225\356\230\230\116\000\377\032\133\232\162\151\140\047\147\141\116\366\116\013\166\204\167\355\145\366\117\040\160\355\117\040\215\050}{}% 10
\BOOKMARK [2][]{subsection.4.1}{\376\377\0004\000.\0001\000\040\152\041\127\213\123\237\164\006}{section.4}% 11
\BOOKMARK [2][]{subsection.4.2}{\376\377\0004\000.\0002\000\040\152\041\127\213\136\372\172\313}{section.4}% 12
\BOOKMARK [2][]{subsection.4.3}{\376\377\0004\000.\0003\000\040\152\041\127\213\154\102\211\343}{section.4}% 13
\BOOKMARK [2][]{subsection.4.4}{\376\377\0004\000.\0004\000\040\176\323\147\234\122\006\147\220}{section.4}% 14
\BOOKMARK [2][]{subsection.4.5}{\376\377\0004\000.\0005\000\040\160\165\145\117\136\246\122\006\147\220}{section.4}% 15
\BOOKMARK [2][]{subsection.4.6}{\376\377\0004\000.\0006\000\040\152\041\127\213\150\300\232\214}{section.4}% 16
\BOOKMARK [1][]{section.5}{\376\377\116\224\060\001\000\040\225\356\230\230\116\214\377\032\123\330\162\151\140\047\160\355\040\023\154\064\122\006\200\046\124\010\217\307\172\013}{}% 17
\BOOKMARK [2][]{subsection.5.1}{\376\377\0005\000.\0001\000\040\152\041\127\213\123\237\164\006}{section.5}% 18
\BOOKMARK [2][]{subsection.5.2}{\376\377\0005\000.\0002\000\040\145\160\143\156\230\204\131\004\164\006\116\016\162\151\140\047\121\375\145\160}{section.5}% 19
\BOOKMARK [2][]{subsection.5.3}{\376\377\0005\000.\0003\000\040\152\041\127\213\136\372\172\313\116\016\154\102\211\343}{section.5}% 20
\BOOKMARK [2][]{subsection.5.4}{\376\377\0005\000.\0004\000\040\176\323\147\234\122\006\147\220}{section.5}% 21
\BOOKMARK [2][]{subsection.5.5}{\376\377\0005\000.\0005\000\040\160\165\145\117\136\246\122\006\147\220}{section.5}% 22
\BOOKMARK [2][]{subsection.5.6}{\376\377\0005\000.\0006\000\040\152\041\127\213\150\300\232\214}{section.5}% 23
\BOOKMARK [1][]{section.6}{\376\377\121\155\060\001\000\040\225\356\230\230\116\011\377\032\121\150\127\337\124\053\154\064\163\207\217\276\150\007\145\366\225\364}{}% 24
\BOOKMARK [2][]{subsection.6.1}{\376\377\0006\000.\0001\000\040\152\041\127\213\123\237\164\006\116\016\116\213\116\366\133\232\116\111}{section.6}% 25
\BOOKMARK [2][]{subsection.6.2}{\376\377\0006\000.\0002\000\040\152\041\127\213\154\102\211\343\116\016\176\323\147\234\122\006\147\220}{section.6}% 26
\BOOKMARK [2][]{subsection.6.3}{\376\377\0006\000.\0003\000\040\160\165\145\117\136\246\122\006\147\220}{section.6}% 27
\BOOKMARK [2][]{subsection.6.4}{\376\377\0006\000.\0004\000\040\152\041\127\213\150\300\232\214\116\016\213\357\135\356\142\253\227\062}{section.6}% 28
\BOOKMARK [1][]{section.7}{\376\377\116\003\060\001\000\040\225\356\230\230\126\333\377\032\200\003\206\121\145\066\177\051\166\204\160\355\040\023\154\064\122\006\117\040\220\022}{}% 29
\BOOKMARK [2][]{subsection.7.1}{\376\377\0007\000.\0001\000\040\152\041\127\213\123\237\164\006\116\016\145\160\143\156\230\204\131\004\164\006}{section.7}% 30
\BOOKMARK [2][]{subsection.7.2}{\376\377\0007\000.\0002\000\040\152\041\127\213\136\372\172\313}{section.7}% 31
\BOOKMARK [2][]{subsection.7.3}{\376\377\0007\000.\0003\000\040\152\041\127\213\154\102\211\343\116\016\176\323\147\234\122\006\147\220}{section.7}% 32
\BOOKMARK [2][]{subsection.7.4}{\376\377\0007\000.\0004\000\040\160\165\145\117\136\246\122\006\147\220}{section.7}% 33
\BOOKMARK [2][]{subsection.7.5}{\376\377\0007\000.\0005\000\040\152\041\127\213\150\300\232\214}{section.7}% 34
\BOOKMARK [1][]{section.8}{\376\377\121\153\060\001\000\040\152\041\127\213\213\304\116\367}{}% 35
\BOOKMARK [2][]{subsection.8.1}{\376\377\0008\000.\0001\000\040\152\041\127\213\166\204\117\030\160\271}{section.8}% 36
\BOOKMARK [2][]{subsection.8.2}{\376\377\0008\000.\0002\000\040\152\041\127\213\166\204\177\072\160\271\116\016\145\071\217\333}{section.8}% 37
\BOOKMARK [2][]{subsection.8.3}{\376\377\0008\000.\0003\000\040\152\041\127\213\143\250\136\177}{section.8}% 38
\BOOKMARK [1][]{section*.15}{\376\377\123\302\200\003\145\207\163\056}{}% 39
\BOOKMARK [1][]{appendix.1.A}{\376\377\226\104\137\125\000\040\000A\000\040\116\244\116\330\145\207\116\366\116\016\131\015\163\260\133\236\232\214}{}% 40
\BOOKMARK [1][]{appendix.1.B}{\376\377\226\104\137\125\000\040\000B\000\040\176\323\147\234\156\220\145\207\116\366}{}% 41
