\BOOKMARK [1][]{section.1}{\376\377\116\000\060\001\000\040\225\356\230\230\143\320\121\372}{}% 1
\BOOKMARK [2][]{subsection.1.1}{\376\377\0001\000.\0001\000\040\225\356\230\230\200\314\146\157}{section.1}% 2
\BOOKMARK [2][]{subsection.1.2}{\376\377\0001\000.\0002\000\040\225\356\230\230\221\315\217\360}{section.1}% 3
\BOOKMARK [1][]{section.2}{\376\377\116\214\060\001\000\040\225\356\230\230\122\006\147\220}{}% 4
\BOOKMARK [1][]{section.3}{\376\377\116\011\060\001\000\040\152\041\127\213\120\107\213\276\116\016\173\046\123\367\213\364\146\016}{}% 5
\BOOKMARK [2][]{subsection.3.1}{\376\377\0003\000.\0001\000\040\152\041\127\213\120\107\213\276}{section.3}% 6
\BOOKMARK [2][]{subsection.3.2}{\376\377\0003\000.\0002\000\040\173\046\123\367\213\364\146\016}{section.3}% 7
\BOOKMARK [1][]{section.4}{\376\377\126\333\060\001\000\040\225\356\230\230\116\000\377\032\133\232\162\151\140\047\147\141\116\366\116\013\166\204\167\355\145\366\117\040\160\355\117\040\215\050}{}% 8
\BOOKMARK [2][]{subsection.4.1}{\376\377\0004\000.\0001\000\040\152\041\127\213\123\237\164\006}{section.4}% 9
\BOOKMARK [2][]{subsection.4.2}{\376\377\0004\000.\0002\000\040\145\160\143\156\230\204\131\004\164\006}{section.4}% 10
\BOOKMARK [2][]{subsection.4.3}{\376\377\0004\000.\0003\000\040\152\041\127\213\136\372\172\313}{section.4}% 11
\BOOKMARK [3][]{subsubsection.4.3.1}{\376\377\0004\000.\0003\000.\0001\000\040\156\051\136\246\143\247\122\066\145\271\172\013}{subsection.4.3}% 12
\BOOKMARK [3][]{subsubsection.4.3.2}{\376\377\0004\000.\0003\000.\0002\000\040\154\064\122\006\143\247\122\066\145\271\172\013}{subsection.4.3}% 13
\BOOKMARK [3][]{subsubsection.4.3.3}{\376\377\0004\000.\0003\000.\0003\000\040\122\035\131\313\147\141\116\366\116\016\217\271\165\114\147\141\116\366}{subsection.4.3}% 14
\BOOKMARK [3][]{subsubsection.4.3.4}{\376\377\0004\000.\0003\000.\0004\000\040\225\356\230\230\116\000\166\204\162\151\140\047\121\375\145\160}{subsection.4.3}% 15
\BOOKMARK [2][]{subsection.4.4}{\376\377\0004\000.\0004\000\040\152\041\127\213\154\102\211\343}{section.4}% 16
\BOOKMARK [2][]{subsection.4.5}{\376\377\0004\000.\0005\000\040\176\323\147\234\122\006\147\220}{section.4}% 17
\BOOKMARK [3][]{subsubsection.4.5.1}{\376\377\0004\000.\0005\000.\0001\000\040\203\157\147\120\121\205\220\350\156\051\136\246\166\204\145\366\172\172\123\330\123\026}{subsection.4.5}% 18
\BOOKMARK [3][]{subsubsection.4.5.2}{\376\377\0004\000.\0005\000.\0002\000\040\203\157\147\120\121\205\220\350\124\053\154\064\163\207\166\204\145\366\172\172\123\330\123\026}{subsection.4.5}% 19
\BOOKMARK [3][]{subsubsection.4.5.3}{\376\377\0004\000.\0005\000.\0003\000\040\0001\0008\0000\0000\000s\145\366\166\204\121\163\225\056\176\323\147\234}{subsection.4.5}% 20
\BOOKMARK [2][]{subsection.4.6}{\376\377\0004\000.\0006\000\040\160\165\145\117\136\246\122\006\147\220}{section.4}% 21
\BOOKMARK [2][]{subsection.4.7}{\376\377\0004\000.\0007\000\040\152\041\127\213\150\300\232\214}{section.4}% 22
\BOOKMARK [1][]{section.5}{\376\377\116\224\060\001\000\040\225\356\230\230\116\214\377\032\123\330\162\151\140\047\160\355\040\023\154\064\122\006\200\046\124\010\217\307\172\013}{}% 23
\BOOKMARK [2][]{subsection.5.1}{\376\377\0005\000.\0001\000\040\152\041\127\213\123\237\164\006}{section.5}% 24
\BOOKMARK [2][]{subsection.5.2}{\376\377\0005\000.\0002\000\040\145\160\143\156\230\204\131\004\164\006}{section.5}% 25
\BOOKMARK [2][]{subsection.5.3}{\376\377\0005\000.\0003\000\040\152\041\127\213\136\372\172\313}{section.5}% 26
\BOOKMARK [3][]{subsubsection.5.3.1}{\376\377\0005\000.\0003\000.\0001\000\040\123\330\162\151\140\047\156\051\136\246\145\271\172\013}{subsection.5.3}% 27
\BOOKMARK [3][]{subsubsection.5.3.2}{\376\377\0005\000.\0003\000.\0002\000\040\156\051\136\246\040\023\154\064\122\006\200\046\124\010\142\151\145\143\145\271\172\013}{subsection.5.3}% 28
\BOOKMARK [3][]{subsubsection.5.3.3}{\376\377\0005\000.\0003\000.\0003\000\040\122\035\131\313\147\141\116\366\116\016\000R\000o\000b\000i\000n\217\271\165\114}{subsection.5.3}% 29
\BOOKMARK [3][]{subsubsection.5.3.4}{\376\377\0005\000.\0003\000.\0004\000\040\226\104\137\125\0003\162\151\140\047\121\375\145\160\116\016\123\302\145\160\117\335\142\244}{subsection.5.3}% 30
\BOOKMARK [2][]{subsection.5.4}{\376\377\0005\000.\0004\000\040\152\041\127\213\154\102\211\343}{section.5}% 31
\BOOKMARK [2][]{subsection.5.5}{\376\377\0005\000.\0005\000\040\176\323\147\234\122\006\147\220}{section.5}% 32
\BOOKMARK [3][]{subsubsection.5.5.1}{\376\377\0005\000.\0005\000.\0001\000\040\225\177\145\366\160\330\136\162\116\055\166\204\156\051\136\246\123\330\123\026}{subsection.5.5}% 33
\BOOKMARK [3][]{subsubsection.5.5.2}{\376\377\0005\000.\0005\000.\0002\000\040\225\177\145\366\160\330\136\162\116\055\166\204\124\053\154\064\163\207\123\330\123\026}{subsection.5.5}% 34
\BOOKMARK [3][]{subsubsection.5.5.3}{\376\377\0005\000.\0005\000.\0003\000\040\156\051\136\246\040\023\154\064\122\006\200\046\124\010\147\072\122\066\122\006\147\220}{subsection.5.5}% 35
\BOOKMARK [2][]{subsection.5.6}{\376\377\0005\000.\0006\000\040\160\165\145\117\136\246\122\006\147\220}{section.5}% 36
\BOOKMARK [2][]{subsection.5.7}{\376\377\0005\000.\0007\000\040\152\041\127\213\150\300\232\214}{section.5}% 37
\BOOKMARK [1][]{section.6}{\376\377\121\155\060\001\000\040\225\356\230\230\116\011\377\032\121\150\127\337\124\053\154\064\163\207\217\276\150\007\145\366\225\364}{}% 38
\BOOKMARK [2][]{subsection.6.1}{\376\377\0006\000.\0001\000\040\152\041\127\213\123\237\164\006}{section.6}% 39
\BOOKMARK [2][]{subsection.6.2}{\376\377\0006\000.\0002\000\040\145\160\143\156\230\204\131\004\164\006}{section.6}% 40
\BOOKMARK [2][]{subsection.6.3}{\376\377\0006\000.\0003\000\040\152\041\127\213\136\372\172\313}{section.6}% 41
\BOOKMARK [3][]{subsubsection.6.3.1}{\376\377\0006\000.\0003\000.\0001\000\040\121\150\127\337\147\000\131\047\124\053\154\064\163\207\166\204\133\232\116\111}{subsection.6.3}% 42
\BOOKMARK [3][]{subsubsection.6.3.2}{\376\377\0006\000.\0003\000.\0002\000\040\116\045\150\074\217\276\150\007\116\213\116\366\121\375\145\160}{subsection.6.3}% 43
\BOOKMARK [3][]{subsubsection.6.3.3}{\376\377\0006\000.\0003\000.\0003\000\040\231\226\153\041\217\276\150\007\145\366\225\364\166\204\145\160\133\146\133\232\116\111}{subsection.6.3}% 44
\BOOKMARK [2][]{subsection.6.4}{\376\377\0006\000.\0004\000\040\152\041\127\213\154\102\211\343}{section.6}% 45
\BOOKMARK [2][]{subsection.6.5}{\376\377\0006\000.\0005\000\040\176\323\147\234\122\006\147\220}{section.6}% 46
\BOOKMARK [3][]{subsubsection.6.5.1}{\376\377\0006\000.\0005\000.\0001\000\040\121\150\127\337\147\000\131\047\124\053\154\064\163\207\226\217\145\366\225\364\166\204\123\330\123\026}{subsection.6.5}% 47
\BOOKMARK [3][]{subsubsection.6.5.2}{\376\377\0006\000.\0005\000.\0002\000\040\217\276\150\007\145\366\225\364\116\016\143\247\122\066\117\115\177\156}{subsection.6.5}% 48
\BOOKMARK [3][]{subsubsection.6.5.3}{\376\377\0006\000.\0005\000.\0003\000\040\172\177\215\212\145\366\225\364\060\001\116\045\150\074\217\276\150\007\145\366\225\364\116\016\145\160\120\074\213\357\135\356}{subsection.6.5}% 49
\BOOKMARK [2][]{subsection.6.6}{\376\377\0006\000.\0006\000\040\160\165\145\117\136\246\122\006\147\220}{section.6}% 50
\BOOKMARK [2][]{subsection.6.7}{\376\377\0006\000.\0007\000\040\152\041\127\213\150\300\232\214}{section.6}% 51
\BOOKMARK [1][]{section.7}{\376\377\116\003\060\001\000\040\225\356\230\230\126\333\377\032\200\003\206\121\145\066\177\051\166\204\160\355\040\023\154\064\122\006\117\040\220\022}{}% 52
\BOOKMARK [2][]{subsection.7.1}{\376\377\0007\000.\0001\000\040\152\041\127\213\123\237\164\006}{section.7}% 53
\BOOKMARK [2][]{subsection.7.2}{\376\377\0007\000.\0002\000\040\145\160\143\156\230\204\131\004\164\006}{section.7}% 54
\BOOKMARK [2][]{subsection.7.3}{\376\377\0007\000.\0003\000\040\152\041\127\213\136\372\172\313}{section.7}% 55
\BOOKMARK [3][]{subsubsection.7.3.1}{\376\377\0007\000.\0003\000.\0001\000\040\153\324\117\213\145\066\177\051\116\016\126\372\133\232\127\337\127\120\150\007\123\330\143\142}{subsection.7.3}% 56
\BOOKMARK [3][]{subsubsection.7.3.2}{\376\377\0007\000.\0003\000.\0002\000\040\145\066\177\051\147\141\116\366\116\013\166\204\156\051\136\246\145\271\172\013}{subsection.7.3}% 57
\BOOKMARK [3][]{subsubsection.7.3.3}{\376\377\0007\000.\0003\000.\0003\000\040\145\066\177\051\147\141\116\366\116\013\166\204\154\064\122\006\145\271\172\013}{subsection.7.3}% 58
\BOOKMARK [3][]{subsubsection.7.3.4}{\376\377\0007\000.\0003\000.\0004\000\040\122\250\217\271\165\114\000R\000o\000b\000i\000n\147\141\116\366\116\016\217\276\150\007\116\213\116\366}{subsection.7.3}% 59
\BOOKMARK [3][]{subsubsection.7.3.5}{\376\377\0007\000.\0003\000.\0005\000\040\133\306\136\246\040\023\145\066\177\051\166\370\133\271\140\047\213\364\146\016}{subsection.7.3}% 60
\BOOKMARK [2][]{subsection.7.4}{\376\377\0007\000.\0004\000\040\152\041\127\213\154\102\211\343}{section.7}% 61
\BOOKMARK [2][]{subsection.7.5}{\376\377\0007\000.\0005\000\040\176\323\147\234\122\006\147\220}{section.7}% 62
\BOOKMARK [3][]{subsubsection.7.5.1}{\376\377\0007\000.\0005\000.\0001\000\040\123\112\137\204\145\066\177\051\211\304\137\213}{subsection.7.5}% 63
\BOOKMARK [3][]{subsubsection.7.5.2}{\376\377\0007\000.\0005\000.\0002\000\040\145\066\177\051\147\141\116\366\116\013\166\204\156\051\136\246\116\016\124\053\154\064\163\207\122\006\136\003}{subsection.7.5}% 64
\BOOKMARK [3][]{subsubsection.7.5.3}{\376\377\0007\000.\0005\000.\0003\000\040\217\276\150\007\145\366\225\364\123\312\143\247\122\066\117\115\177\156}{subsection.7.5}% 65
\BOOKMARK [3][]{subsubsection.7.5.4}{\376\377\0007\000.\0005\000.\0004\000\040\225\356\230\230\116\011\116\016\225\356\230\230\126\333\166\204\133\371\153\324}{subsection.7.5}% 66
\BOOKMARK [2][]{subsection.7.6}{\376\377\0007\000.\0006\000\040\160\165\145\117\136\246\122\006\147\220}{section.7}% 67
\BOOKMARK [2][]{subsection.7.7}{\376\377\0007\000.\0007\000\040\152\041\127\213\150\300\232\214}{section.7}% 68
\BOOKMARK [1][]{section.8}{\376\377\121\153\060\001\000\040\152\041\127\213\213\304\116\367}{}% 69
\BOOKMARK [2][]{subsection.8.1}{\376\377\0008\000.\0001\000\040\152\041\127\213\166\204\117\030\160\271}{section.8}% 70
\BOOKMARK [2][]{subsection.8.2}{\376\377\0008\000.\0002\000\040\152\041\127\213\166\204\177\072\160\271}{section.8}% 71
\BOOKMARK [2][]{subsection.8.3}{\376\377\0008\000.\0003\000\040\152\041\127\213\166\204\145\071\217\333}{section.8}% 72
\BOOKMARK [2][]{subsection.8.4}{\376\377\0008\000.\0004\000\040\152\041\127\213\166\204\143\250\136\177}{section.8}% 73
\BOOKMARK [1][]{appendix.1.A}{\376\377\226\104\137\125\000\040\000A\000\040\145\207\116\366\122\027\210\150}{}% 74
